// Jest Snapshot v1, https://goo.gl/fbAQLP

exports[`it renders App correctly 1`] = `
<div>
  <div
    class="header"
  >
    <div
      class="logo"
    >
      <span
        class="cursor--pointer"
        data-testid="logo-link"
      >
        CCDC
      </span>
    </div>
  </div>
  <main
    class="content"
  >
    <div>
      <div
        class="loader"
      />
    </div>
  </main>
  <footer
    class="footer"
  >
    <span>
      CCDC
    </span>
    <br />
    2021
  </footer>
</div>
`;
